// Jest Snapshot v1, https://goo.gl/fbAQLP

exports[`Test in component BoxSearch.vue Match with snapshot 1`] = `
<div class="box-search">
  <font-awesome-icon-stub class="box-search__icon-search" icon="fa,magnifying-glass"></font-awesome-icon-stub><input class="box-search__content" type="text" placeholder="search"><img class="box-search__icon-mic">
</div>
`;
